[2026-10-10 09:51:19,207:INFO:<string>:logger import verification]
[2026-10-10 10:47:24,373:INFO:common:yaml file: config\config.yaml is loaded successfully]
[2026-10-10 10:49:20,026:INFO:common:yaml file: config\config.yaml is loaded successfully]
[2026-10-10 10:51:59,870:INFO:common:YAML file loaded successfully: C:\Users\babar\OneDrive\Desktop\MLops project\config\config.yaml]
[2026-10-10 10:51:59,882:INFO:common:YAML file loaded successfully: C:\Users\babar\OneDrive\Desktop\MLops project\params.yaml]
[2026-10-10 10:51:59,889:INFO:common:YAML file loaded successfully: C:\Users\babar\OneDrive\Desktop\MLops project\schema.yaml]
[2026-10-10 10:51:59,895:INFO:common:YAML file loaded successfully: C:\Users\babar\OneDrive\Desktop\MLops project\config\config.yaml]
[2026-10-10 10:51:59,903:INFO:common:YAML file loaded successfully: C:\Users\babar\OneDrive\Desktop\MLops project\params.yaml]
[2026-10-10 10:51:59,911:INFO:common:YAML file loaded successfully: C:\Users\babar\OneDrive\Desktop\MLops project\schema.yaml]
[2026-10-10 10:52:17,125:INFO:common:YAML file loaded successfully: C:\Users\babar\OneDrive\Desktop\MLops project\config\config.yaml]
[2026-10-10 10:52:17,128:INFO:common:YAML file loaded successfully: C:\Users\babar\OneDrive\Desktop\MLops project\params.yaml]
[2026-10-10 10:52:17,131:INFO:common:YAML file loaded successfully: C:\Users\babar\OneDrive\Desktop\MLops project\schema.yaml]
[2026-10-10 10:52:17,134:INFO:common:created directory at: artifacts]
[2026-10-10 10:52:17,135:INFO:common:created directory at: artifacts/data_ingestion]
[2026-10-10 10:52:17,139:ERROR:common:YAML file is empty or contains no mapping: C:\Users\babar\AppData\Local\Temp\tmputqkyz0c\empty.yaml]
[2026-10-10 10:52:17,143:ERROR:common:Invalid YAML syntax in C:\Users\babar\AppData\Local\Temp\tmputqkyz0c\syntax.yaml]
Traceback (most recent call last):
  File "C:\Users\babar\OneDrive\Desktop\MLops project\src\Mlops_project_quality_predictor\utils\common.py", line 48, in read_yaml
    content = yaml.safe_load(raw_content)
              ^^^^^^^^^^^^^^^^^^^^^^^^^^^
  File "C:\Users\babar\OneDrive\Desktop\MLops project\venv\Lib\site-packages\yaml\__init__.py", line 125, in safe_load
    return load(stream, SafeLoader)
           ^^^^^^^^^^^^^^^^^^^^^^^^
  File "C:\Users\babar\OneDrive\Desktop\MLops project\venv\Lib\site-packages\yaml\__init__.py", line 81, in load
    return loader.get_single_data()
           ^^^^^^^^^^^^^^^^^^^^^^^^
  File "C:\Users\babar\OneDrive\Desktop\MLops project\venv\Lib\site-packages\yaml\constructor.py", line 49, in get_single_data
    node = self.get_single_node()
           ^^^^^^^^^^^^^^^^^^^^^^
  File "C:\Users\babar\OneDrive\Desktop\MLops project\venv\Lib\site-packages\yaml\composer.py", line 36, in get_single_node
    document = self.compose_document()
               ^^^^^^^^^^^^^^^^^^^^^^^
  File "C:\Users\babar\OneDrive\Desktop\MLops project\venv\Lib\site-packages\yaml\composer.py", line 55, in compose_document
    node = self.compose_node(None, None)
           ^^^^^^^^^^^^^^^^^^^^^^^^^^^^^
  File "C:\Users\babar\OneDrive\Desktop\MLops project\venv\Lib\site-packages\yaml\composer.py", line 84, in compose_node
    node = self.compose_mapping_node(anchor)
           ^^^^^^^^^^^^^^^^^^^^^^^^^^^^^^^^^
  File "C:\Users\babar\OneDrive\Desktop\MLops project\venv\Lib\site-packages\yaml\composer.py", line 133, in compose_mapping_node
    item_value = self.compose_node(node, item_key)
                 ^^^^^^^^^^^^^^^^^^^^^^^^^^^^^^^^^
  File "C:\Users\babar\OneDrive\Desktop\MLops project\venv\Lib\site-packages\yaml\composer.py", line 82, in compose_node
    node = self.compose_sequence_node(anchor)
           ^^^^^^^^^^^^^^^^^^^^^^^^^^^^^^^^^^
  File "C:\Users\babar\OneDrive\Desktop\MLops project\venv\Lib\site-packages\yaml\composer.py", line 110, in compose_sequence_node
    while not self.check_event(SequenceEndEvent):
              ^^^^^^^^^^^^^^^^^^^^^^^^^^^^^^^^^^
  File "C:\Users\babar\OneDrive\Desktop\MLops project\venv\Lib\site-packages\yaml\parser.py", line 98, in check_event
    self.current_event = self.state()
                         ^^^^^^^^^^^^
  File "C:\Users\babar\OneDrive\Desktop\MLops project\venv\Lib\site-packages\yaml\parser.py", line 474, in parse_flow_sequence_first_entry
    return self.parse_flow_sequence_entry(first=True)
           ^^^^^^^^^^^^^^^^^^^^^^^^^^^^^^^^^^^^^^^^^^
  File "C:\Users\babar\OneDrive\Desktop\MLops project\venv\Lib\site-packages\yaml\parser.py", line 495, in parse_flow_sequence_entry
    return self.parse_flow_node()
           ^^^^^^^^^^^^^^^^^^^^^^
  File "C:\Users\babar\OneDrive\Desktop\MLops project\venv\Lib\site-packages\yaml\parser.py", line 268, in parse_flow_node
    return self.parse_node()
           ^^^^^^^^^^^^^^^^^
  File "C:\Users\babar\OneDrive\Desktop\MLops project\venv\Lib\site-packages\yaml\parser.py", line 369, in parse_node
    raise ParserError("while parsing a %s node" % node, start_mark,
yaml.parser.ParserError: while parsing a flow node
expected the node content, but found '<stream end>'
  in "<unicode string>", line 1, column 18:
    data_ingestion: [
                     ^
[2026-10-10 10:52:17,150:ERROR:common:Expected a YAML mapping (dictionary) in C:\Users\babar\AppData\Local\Temp\tmputqkyz0c\scalar.yaml; got list]
[2026-10-10 10:52:17,151:ERROR:common:YAML file does not exist: C:\Users\babar\AppData\Local\Temp\tmputqkyz0c\missing.yaml]
[2026-10-10 10:52:58,933:INFO:common:YAML file loaded successfully: C:\Users\babar\OneDrive\Desktop\MLops project\config\config.yaml]
[2026-10-10 10:52:58,936:INFO:common:YAML file loaded successfully: C:\Users\babar\OneDrive\Desktop\MLops project\params.yaml]
[2026-10-10 10:52:58,940:INFO:common:YAML file loaded successfully: C:\Users\babar\OneDrive\Desktop\MLops project\schema.yaml]
[2026-10-10 10:52:58,941:INFO:common:created directory at: artifacts]
[2026-10-10 10:52:58,942:INFO:common:created directory at: artifacts/data_ingestion]
[2026-10-10 10:53:57,587:INFO:common:YAML file loaded successfully: C:\Users\babar\OneDrive\Desktop\MLops project\config\config.yaml]
[2026-10-10 10:53:57,591:ERROR:common:YAML file is empty or contains no mapping: C:\Users\babar\AppData\Local\Temp\tmptv8ffjka\comment-only.yaml]
[2026-10-10 10:57:05,816:INFO:common:yaml file: config\config.yaml is loaded successfully]
[2026-10-10 10:57:05,822:INFO:common:yaml file: params.yaml is loaded successfully]
[2026-10-10 10:57:05,829:INFO:common:yaml file: schema.yaml is loaded successfully]
[2026-10-10 10:57:05,832:INFO:common:created directory at: artifacts]
[2026-10-10 10:57:05,835:INFO:common:created directory at: artifacts/data_ingestion]
[2026-10-10 10:57:33,851:INFO:common:yaml file: config\config.yaml is loaded successfully]
[2026-10-10 10:57:33,859:INFO:common:yaml file: params.yaml is loaded successfully]
[2026-10-10 10:57:33,867:INFO:common:yaml file: schema.yaml is loaded successfully]
[2026-10-10 10:57:33,871:INFO:common:created directory at: artifacts]
[2026-10-10 10:57:33,874:INFO:common:created directory at: artifacts/data_ingestion]
[2026-10-10 10:58:08,725:INFO:common:YAML file loaded successfully: C:\Users\babar\OneDrive\Desktop\MLops project\config\config.yaml]
[2026-10-10 10:58:08,733:INFO:common:YAML file loaded successfully: C:\Users\babar\OneDrive\Desktop\MLops project\params.yaml]
[2026-10-10 10:58:08,741:INFO:common:YAML file loaded successfully: C:\Users\babar\OneDrive\Desktop\MLops project\schema.yaml]
[2026-10-10 10:58:08,745:INFO:common:created directory at: artifacts]
[2026-10-10 10:58:08,749:INFO:common:created directory at: artifacts/data_ingestion]
[2026-10-10 10:58:32,612:INFO:common:YAML file loaded successfully: C:\Users\babar\OneDrive\Desktop\MLops project\config\config.yaml]
[2026-10-10 10:58:32,620:INFO:common:YAML file loaded successfully: C:\Users\babar\OneDrive\Desktop\MLops project\params.yaml]
[2026-10-10 10:58:32,627:INFO:common:YAML file loaded successfully: C:\Users\babar\OneDrive\Desktop\MLops project\schema.yaml]
[2026-10-10 10:58:32,629:INFO:common:created directory at: artifacts]
[2026-10-10 10:58:32,633:INFO:common:created directory at: artifacts/data_ingestion]
[2026-10-10 10:59:16,213:INFO:common:YAML file loaded successfully: C:\Users\babar\OneDrive\Desktop\MLops project\config\config.yaml]
[2026-10-10 10:59:16,220:INFO:common:YAML file loaded successfully: C:\Users\babar\OneDrive\Desktop\MLops project\params.yaml]
[2026-10-10 10:59:16,227:INFO:common:YAML file loaded successfully: C:\Users\babar\OneDrive\Desktop\MLops project\schema.yaml]
[2026-10-10 10:59:16,231:INFO:common:created directory at: artifacts]
[2026-10-10 10:59:16,234:INFO:common:created directory at: artifacts/data_ingestion]
[2026-10-10 10:59:21,713:INFO:common:YAML file loaded successfully: C:\Users\babar\OneDrive\Desktop\MLops project\config\config.yaml]
[2026-10-10 10:59:21,719:INFO:common:YAML file loaded successfully: C:\Users\babar\OneDrive\Desktop\MLops project\params.yaml]
[2026-10-10 10:59:21,727:INFO:common:YAML file loaded successfully: C:\Users\babar\OneDrive\Desktop\MLops project\schema.yaml]
[2026-10-10 10:59:21,730:INFO:common:created directory at: artifacts]
[2026-10-10 10:59:21,732:INFO:common:created directory at: artifacts/data_ingestion]
[2026-10-10 11:01:40,809:INFO:common:YAML file loaded successfully: C:\Users\babar\OneDrive\Desktop\MLops project\config\config.yaml]
[2026-10-10 11:01:40,816:INFO:common:YAML file loaded successfully: C:\Users\babar\OneDrive\Desktop\MLops project\params.yaml]
[2026-10-10 11:01:40,821:INFO:common:YAML file loaded successfully: C:\Users\babar\OneDrive\Desktop\MLops project\schema.yaml]
[2026-10-10 11:01:40,825:INFO:common:created directory at: artifacts]
[2026-10-10 11:01:40,828:INFO:common:created directory at: artifacts/data_ingestion]
[2026-10-10 11:02:09,184:INFO:common:YAML file loaded successfully: C:\Users\babar\OneDrive\Desktop\MLops project\config\config.yaml]
[2026-10-10 11:02:09,190:INFO:common:YAML file loaded successfully: C:\Users\babar\OneDrive\Desktop\MLops project\params.yaml]
[2026-10-10 11:02:09,198:INFO:common:YAML file loaded successfully: C:\Users\babar\OneDrive\Desktop\MLops project\schema.yaml]
[2026-10-10 11:02:09,202:INFO:common:created directory at: artifacts]
[2026-10-10 11:02:09,204:INFO:common:created directory at: artifacts/data_ingestion]
[2026-10-10 11:03:17,277:INFO:common:YAML file loaded successfully: C:\Users\babar\OneDrive\Desktop\MLops project\config\config.yaml]
[2026-10-10 11:03:17,283:INFO:common:YAML file loaded successfully: C:\Users\babar\OneDrive\Desktop\MLops project\params.yaml]
[2026-10-10 11:03:17,291:INFO:common:YAML file loaded successfully: C:\Users\babar\OneDrive\Desktop\MLops project\schema.yaml]
[2026-10-10 11:03:17,295:INFO:common:created directory at: artifacts]
[2026-10-10 11:03:17,299:INFO:common:created directory at: artifacts/data_ingestion]
[2026-10-10 11:07:12,876:INFO:common:YAML file loaded successfully: C:\Users\babar\OneDrive\Desktop\MLops project\config\config.yaml]
[2026-10-10 11:07:12,881:INFO:common:YAML file loaded successfully: C:\Users\babar\OneDrive\Desktop\MLops project\params.yaml]
[2026-10-10 11:07:12,889:INFO:common:YAML file loaded successfully: C:\Users\babar\OneDrive\Desktop\MLops project\schema.yaml]
[2026-10-10 11:07:12,892:INFO:common:created directory at: artifacts]
[2026-10-10 11:07:12,896:INFO:common:created directory at: artifacts/data_ingestion]
[2026-10-10 11:09:22,639:INFO:common:YAML file loaded successfully: C:\Users\babar\OneDrive\Desktop\MLops project\config\config.yaml]
[2026-10-10 11:09:22,645:INFO:common:YAML file loaded successfully: C:\Users\babar\OneDrive\Desktop\MLops project\params.yaml]
[2026-10-10 11:09:22,652:INFO:common:YAML file loaded successfully: C:\Users\babar\OneDrive\Desktop\MLops project\schema.yaml]
[2026-10-10 11:09:22,655:INFO:common:created directory at: artifacts]
[2026-10-10 11:09:22,657:INFO:common:created directory at: artifacts/data_ingestion]
[2026-10-10 11:09:23,104:INFO:540446256:artifacts\data_ingestion\data.zip downloaded with the following info:
Connection: close
Content-Length: 23329
Cache-Control: max-age=300
Content-Security-Policy: default-src 'none'; style-src 'unsafe-inline'; sandbox
Content-Type: application/zip
ETag: "c69888a4ae59bc5a893392785a938ccd4937981c06ba8a9d6a21aa52b4ab5b6e"
Strict-Transport-Security: max-age=31536000
X-Content-Type-Options: nosniff
X-Frame-Options: deny
X-XSS-Protection: 1; mode=block
X-GitHub-Request-Id: 1458:27A476:EC2A7D:10647F3:6AC9D5BC
x-github-edge-region: fra
Accept-Ranges: bytes
Date: Sat, 10 Oct 2026 06:09:23 GMT
Via: 1.1 varnish
X-Served-By: cache-sin-wsap440089-SIN
X-Cache: HIT
X-Cache-Hits: 0
X-Timer: S1791612563.391167,VS0,VE1
Vary: Authorization,Accept-Encoding
Access-Control-Allow-Origin: *
Cross-Origin-Resource-Policy: cross-origin
X-Fastly-Request-ID: afdd844521baf73ed5098b0350faa5ecdd4f1955
Expires: Sat, 10 Oct 2026 06:14:23 GMT
Source-Age: 214

]
[2026-10-10 11:09:23,118:INFO:540446256:Files extracted successfully to: artifacts\data_ingestion]
